// Jest Snapshot v1, https://goo.gl/fbAQLP

exports[`Smoke test should render 1`] = `
<DocumentFragment>
  <div
    class="cart"
  >
    Cart 
    <span
      class="counter"
    >
      0
    </span>
  </div>
</DocumentFragment>
`;
